// Jest Snapshot v1, https://goo.gl/fbAQLP

exports[`Pool gas tests fee is off #burn above current price burn entire position after some time passes 1`] = `60956`;

exports[`Pool gas tests fee is off #burn above current price burn when only position using ticks 1`] = `60956`;

exports[`Pool gas tests fee is off #burn above current price entire position burn but other positions are using the ticks 1`] = `84965`;

exports[`Pool gas tests fee is off #burn above current price partial position burn 1`] = `99965`;

exports[`Pool gas tests fee is off #burn around current price burn entire position after some time passes 1`] = `71750`;

exports[`Pool gas tests fee is off #burn around current price burn when only position using ticks 1`] = `68561`;

exports[`Pool gas tests fee is off #burn around current price entire position burn but other positions are using the ticks 1`] = `89776`;

exports[`Pool gas tests fee is off #burn around current price partial position burn 1`] = `104776`;

exports[`Pool gas tests fee is off #burn below current price burn entire position after some time passes 1`] = `66876`;

exports[`Pool gas tests fee is off #burn below current price burn when only position using ticks 1`] = `66876`;

exports[`Pool gas tests fee is off #burn below current price entire position burn but other positions are using the ticks 1`] = `85606`;

exports[`Pool gas tests fee is off #burn below current price partial position burn 1`] = `100606`;

exports[`Pool gas tests fee is off #collect close to worst case 1`] = `37946`;

exports[`Pool gas tests fee is off #increaseObservationCardinalityNext grow by 1 slot 1`] = `50934`;

exports[`Pool gas tests fee is off #increaseObservationCardinalityNext no op 1`] = `24513`;

exports[`Pool gas tests fee is off #mint above current price add to position after some time passes 1`] = `113900`;

exports[`Pool gas tests fee is off #mint above current price add to position existing 1`] = `113900`;

exports[`Pool gas tests fee is off #mint above current price new position mint first in range 1`] = `234854`;

exports[`Pool gas tests fee is off #mint above current price second position in same range 1`] = `131000`;

exports[`Pool gas tests fee is off #mint around current price add to position after some time passes 1`] = `154585`;

exports[`Pool gas tests fee is off #mint around current price add to position existing 1`] = `145406`;

exports[`Pool gas tests fee is off #mint around current price new position mint first in range 1`] = `335995`;

exports[`Pool gas tests fee is off #mint around current price second position in same range 1`] = `162506`;

exports[`Pool gas tests fee is off #mint below current price add to position after some time passes 1`] = `114492`;

exports[`Pool gas tests fee is off #mint below current price add to position existing 1`] = `114492`;

exports[`Pool gas tests fee is off #mint below current price new position mint first in range 1`] = `314558`;

exports[`Pool gas tests fee is off #mint below current price second position in same range 1`] = `131592`;

exports[`Pool gas tests fee is off #poke best case 1`] = `51929`;

exports[`Pool gas tests fee is off #snapshotCumulativesInside tick above 1`] = `29557`;

exports[`Pool gas tests fee is off #snapshotCumulativesInside tick below 1`] = `29519`;

exports[`Pool gas tests fee is off #snapshotCumulativesInside tick inside 1`] = `36967`;

exports[`Pool gas tests fee is off #swapExact0For1 first swap in block moves tick, no initialized crossings 1`] = `119780`;

exports[`Pool gas tests fee is off #swapExact0For1 first swap in block with no tick movement 1`] = `103669`;

exports[`Pool gas tests fee is off #swapExact0For1 first swap in block, large swap crossing a single initialized tick 1`] = `135050`;

exports[`Pool gas tests fee is off #swapExact0For1 first swap in block, large swap crossing several initialized ticks 1`] = `158656`;

exports[`Pool gas tests fee is off #swapExact0For1 first swap in block, large swap, no initialized crossings 1`] = `134905`;

exports[`Pool gas tests fee is off #swapExact0For1 large swap crossing several initialized ticks after some time passes 1`] = `158656`;

exports[`Pool gas tests fee is off #swapExact0For1 large swap crossing several initialized ticks second time after some time passes 1`] = `218656`;

exports[`Pool gas tests fee is off #swapExact0For1 second swap in block moves tick, no initialized crossings 1`] = `119780`;

exports[`Pool gas tests fee is off #swapExact0For1 second swap in block with no tick movement 1`] = `103780`;

exports[`Pool gas tests fee is off #swapExact0For1 second swap in block, large swap crossing a single initialized tick 1`] = `121376`;

exports[`Pool gas tests fee is off #swapExact0For1 second swap in block, large swap crossing several initialized ticks 1`] = `144960`;

exports[`Pool gas tests fee is on #burn above current price burn entire position after some time passes 1`] = `60956`;

exports[`Pool gas tests fee is on #burn above current price burn when only position using ticks 1`] = `60956`;

exports[`Pool gas tests fee is on #burn above current price entire position burn but other positions are using the ticks 1`] = `84965`;

exports[`Pool gas tests fee is on #burn above current price partial position burn 1`] = `99965`;

exports[`Pool gas tests fee is on #burn around current price burn entire position after some time passes 1`] = `71750`;

exports[`Pool gas tests fee is on #burn around current price burn when only position using ticks 1`] = `68561`;

exports[`Pool gas tests fee is on #burn around current price entire position burn but other positions are using the ticks 1`] = `89776`;

exports[`Pool gas tests fee is on #burn around current price partial position burn 1`] = `104776`;

exports[`Pool gas tests fee is on #burn below current price burn entire position after some time passes 1`] = `66876`;

exports[`Pool gas tests fee is on #burn below current price burn when only position using ticks 1`] = `66876`;

exports[`Pool gas tests fee is on #burn below current price entire position burn but other positions are using the ticks 1`] = `85606`;

exports[`Pool gas tests fee is on #burn below current price partial position burn 1`] = `100606`;

exports[`Pool gas tests fee is on #collect close to worst case 1`] = `37946`;

exports[`Pool gas tests fee is on #increaseObservationCardinalityNext grow by 1 slot 1`] = `50934`;

exports[`Pool gas tests fee is on #increaseObservationCardinalityNext no op 1`] = `24513`;

exports[`Pool gas tests fee is on #mint above current price add to position after some time passes 1`] = `113900`;

exports[`Pool gas tests fee is on #mint above current price add to position existing 1`] = `113900`;

exports[`Pool gas tests fee is on #mint above current price new position mint first in range 1`] = `234854`;

exports[`Pool gas tests fee is on #mint above current price second position in same range 1`] = `131000`;

exports[`Pool gas tests fee is on #mint around current price add to position after some time passes 1`] = `154585`;

exports[`Pool gas tests fee is on #mint around current price add to position existing 1`] = `145406`;

exports[`Pool gas tests fee is on #mint around current price new position mint first in range 1`] = `335995`;

exports[`Pool gas tests fee is on #mint around current price second position in same range 1`] = `162506`;

exports[`Pool gas tests fee is on #mint below current price add to position after some time passes 1`] = `114492`;

exports[`Pool gas tests fee is on #mint below current price add to position existing 1`] = `114492`;

exports[`Pool gas tests fee is on #mint below current price new position mint first in range 1`] = `314558`;

exports[`Pool gas tests fee is on #mint below current price second position in same range 1`] = `131592`;

exports[`Pool gas tests fee is on #poke best case 1`] = `51929`;

exports[`Pool gas tests fee is on #snapshotCumulativesInside tick above 1`] = `29557`;

exports[`Pool gas tests fee is on #snapshotCumulativesInside tick below 1`] = `29519`;

exports[`Pool gas tests fee is on #snapshotCumulativesInside tick inside 1`] = `36967`;

exports[`Pool gas tests fee is on #swapExact0For1 first swap in block moves tick, no initialized crossings 1`] = `125167`;

exports[`Pool gas tests fee is on #swapExact0For1 first swap in block with no tick movement 1`] = `108909`;

exports[`Pool gas tests fee is on #swapExact0For1 first swap in block, large swap crossing a single initialized tick 1`] = `140584`;

exports[`Pool gas tests fee is on #swapExact0For1 first swap in block, large swap crossing several initialized ticks 1`] = `164631`;

exports[`Pool gas tests fee is on #swapExact0For1 first swap in block, large swap, no initialized crossings 1`] = `140586`;

exports[`Pool gas tests fee is on #swapExact0For1 large swap crossing several initialized ticks after some time passes 1`] = `164631`;

exports[`Pool gas tests fee is on #swapExact0For1 large swap crossing several initialized ticks second time after some time passes 1`] = `224631`;

exports[`Pool gas tests fee is on #swapExact0For1 second swap in block moves tick, no initialized crossings 1`] = `125167`;

exports[`Pool gas tests fee is on #swapExact0For1 second swap in block with no tick movement 1`] = `109020`;

exports[`Pool gas tests fee is on #swapExact0For1 second swap in block, large swap crossing a single initialized tick 1`] = `126763`;

exports[`Pool gas tests fee is on #swapExact0For1 second swap in block, large swap crossing several initialized ticks 1`] = `150788`;
